mode: count
api-test-coverage/internal/api/v1.go:8.47,16.2 2 1
api-test-coverage/internal/server/server.go:10.20,12.40 2 1
api-test-coverage/internal/server/server.go:12.40,15.3 2 1
api-test-coverage/internal/server/server.go:16.2,16.9 1 1
api-test-coverage/internal/utils/time.go:8.42,10.2 1 1
